[36mvite v5.4.19 [32mbuilding for production...[36m[39m
transforming...
[32mΓ£ô[39m 4 modules transformed.
node.exe : [31mx[39m Build failed in 
862ms
At C:\Program Files\nodejs\npx.ps1:29 
char:3
+   & $NODE_EXE $NPX_CLI_JS $args
+   ~~~~~~~~~~~~~~~~~~~~~~~~~~~~~
    + CategoryInfo          : NotSpecified 
   : ([31mx[39m Build failed in 862ms:S  
  tring) [], RemoteException
    + FullyQualifiedErrorId : NativeComman 
   dError
 
[31merror during build:
[31mCould not resolve "./index.css" from 
"client/src/main.tsx"[31m
file: [36mC:/Users/kasiv/OneDrive/Document
s/TripMate/client/src/main.tsx[31m
    at getRollupError (file:///C:/Users/kas
iv/OneDrive/Documents/TripMate/node_modules
/rollup/dist/es/shared/parseAst.js:396:41)
    at error (file:///C:/Users/kasiv/OneDri
ve/Documents/TripMate/node_modules/rollup/d
ist/es/shared/parseAst.js:392:42)
    at 
ModuleLoader.handleInvalidResolvedId (file:
///C:/Users/kasiv/OneDrive/Documents/TripMa
te/node_modules/rollup/dist/es/shared/node-
entry.js:20065:24)
    at file:///C:/Users/kasiv/OneDrive/Docu
ments/TripMate/node_modules/rollup/dist/es/
shared/node-entry.js:20025:26[39m
